// Jest Snapshot v1, https://goo.gl/fbAQLP

exports[`PasswordForm it should match the snapshot 1`] = `
<ReduxForm
  classes={
    Object {
      "buttonProgress": "ReduxForm-buttonProgress-2",
      "buttonWrapper": "ReduxForm-buttonWrapper-1",
    }
  }
  handleSubmit={[MockFunction]}
  onSubmit={[MockFunction]}
/>
`;
