// Jest Snapshot v1, https://goo.gl/fbAQLP

exports[`PasswordLogin it should match the snapshot 1`] = `
<PasswordLogin
  classes={
    Object {
      "errorMessage": "PasswordLogin-errorMessage-2",
      "flexContainer": "PasswordLogin-flexContainer-1",
      "text": "PasswordLogin-text-3",
    }
  }
  error={false}
  errorMessage=""
  handleSubmit={[MockFunction]}
  loading={false}
/>
`;
