// Jest Snapshot v1, https://goo.gl/fbAQLP

exports[`PasswordForm it should match the snapshot 1`] = `
<ReduxForm
  classes={
    Object {
      "actionsContainer": "ReduxForm-actionsContainer-4",
      "button": "ReduxForm-button-2",
      "pendingContainer": "ReduxForm-pendingContainer-5",
      "progress": "ReduxForm-progress-6",
      "root": "ReduxForm-root-1",
      "stepper": "ReduxForm-stepper-3",
    }
  }
  onSubmit={[MockFunction]}
/>
`;
